// Jest Snapshot v1, https://goo.gl/fbAQLP

exports[`should match snapshot 1`] = `
<div>
  <div
    class="Carousel"
  >
    <h1>
      TestTitle
    </h1>
    <div
      class="Carousel-main"
    >
      <i
        class="fas fa-chevron-circle-left fa-2x"
      />
      <div
        class="Card"
      >
        <h4
          class="Card-title"
        >
          TestCaption
        </h4>
        <img
          alt="TestCaption"
          class="Card-image"
          src="./image1.jpg"
        />
        <small
          class="Card-small"
        >
          Image 
          1
           of 
          1
          .
        </small>
      </div>
      <i
        class="fas fa-chevron-circle-right fa-2x"
      />
    </div>
  </div>
</div>
`;
